2026-05-06 19:26:33 - INFO - Motor Híbrido Iniciado.
2026-05-06 19:26:40 - INFO - JACKPOT! 1 prêmios de 15 pts encontrados na G0
2026-05-06 19:26:48 - INFO - JACKPOT! 2 prêmios de 15 pts encontrados na G1
2026-05-06 19:27:03 - INFO - JACKPOT! 1 prêmios de 15 pts encontrados na G3
2026-05-06 19:27:11 - INFO - JACKPOT! 1 prêmios de 15 pts encontrados na G4
2026-05-06 19:27:18 - INFO - JACKPOT! 1 prêmios de 15 pts encontrados na G5
2026-05-06 19:27:26 - INFO - JACKPOT! 1 prêmios de 15 pts encontrados na G6
2026-05-06 19:27:34 - INFO - JACKPOT! 1 prêmios de 15 pts encontrados na G7
2026-05-06 19:27:41 - INFO - JACKPOT! 2 prêmios de 15 pts encontrados na G8
2026-05-06 19:27:49 - INFO - JACKPOT! 1 prêmios de 15 pts encontrados na G9
2026-05-06 19:27:49 - INFO - Motor Híbrido Desligado.
2026-05-06 19:28:00 - INFO - Motor Híbrido Iniciado.
2026-05-06 19:28:03 - INFO - JACKPOT! 4 prêmios de 15 pts encontrados na G0
2026-05-06 19:28:06 - INFO - JACKPOT! 1 prêmios de 15 pts encontrados na G1
2026-05-06 19:28:08 - INFO - JACKPOT! 1 prêmios de 15 pts encontrados na G2
2026-05-06 19:28:11 - INFO - JACKPOT! 1 prêmios de 15 pts encontrados na G3
2026-05-06 19:28:14 - INFO - JACKPOT! 1 prêmios de 15 pts encontrados na G4
2026-05-06 19:28:17 - INFO - JACKPOT! 1 prêmios de 15 pts encontrados na G5
2026-05-06 19:28:21 - INFO - JACKPOT! 2 prêmios de 15 pts encontrados na G6
2026-05-06 19:28:24 - INFO - JACKPOT! 1 prêmios de 15 pts encontrados na G7
2026-05-06 19:28:27 - INFO - JACKPOT! 1 prêmios de 15 pts encontrados na G8
2026-05-06 19:28:34 - INFO - JACKPOT! 1 prêmios de 15 pts encontrados na G10
2026-05-06 19:28:38 - INFO - JACKPOT! 1 prêmios de 15 pts encontrados na G11
2026-05-06 19:28:41 - INFO - JACKPOT! 3 prêmios de 15 pts encontrados na G12
2026-05-06 19:28:44 - INFO - JACKPOT! 1 prêmios de 15 pts encontrados na G13
2026-05-06 19:28:48 - INFO - JACKPOT! 1 prêmios de 15 pts encontrados na G14
2026-05-06 19:28:52 - INFO - JACKPOT! 1 prêmios de 15 pts encontrados na G15
2026-05-06 19:28:55 - INFO - JACKPOT! 1 prêmios de 15 pts encontrados na G16
2026-05-06 19:28:58 - INFO - JACKPOT! 2 prêmios de 15 pts encontrados na G17
2026-05-06 19:29:05 - INFO - JACKPOT! 1 prêmios de 15 pts encontrados na G19
2026-05-06 19:29:09 - INFO - JACKPOT! 1 prêmios de 15 pts encontrados na G20
2026-05-06 19:29:12 - INFO - JACKPOT! 1 prêmios de 15 pts encontrados na G21
2026-05-06 19:29:15 - INFO - JACKPOT! 2 prêmios de 15 pts encontrados na G22
2026-05-06 19:29:19 - INFO - JACKPOT! 1 prêmios de 15 pts encontrados na G23
2026-05-06 19:29:26 - INFO - JACKPOT! 1 prêmios de 15 pts encontrados na G25
2026-05-06 19:29:26 - INFO - Motor Híbrido Desligado.
2026-05-06 19:29:32 - INFO - Iniciando Stress Test: aleatorio
2026-05-06 19:29:35 - INFO - Stress Test concluído. ROI: -65.42%
2026-05-06 19:29:40 - INFO - Iniciando Stress Test: historico
2026-05-06 19:29:40 - INFO - Stress Test concluído. ROI: 95.71%
2026-05-06 19:54:23 - INFO - Motor Híbrido Iniciado.
2026-05-06 19:54:27 - INFO - JACKPOT! 1 prêmios de 15 pts encontrados na G0
2026-05-06 19:54:30 - INFO - JACKPOT! 1 prêmios de 15 pts encontrados na G1
2026-05-06 19:54:32 - INFO - JACKPOT! 1 prêmios de 15 pts encontrados na G2
2026-05-06 19:54:35 - INFO - JACKPOT! 1 prêmios de 15 pts encontrados na G3
2026-05-06 19:54:40 - INFO - JACKPOT! 1 prêmios de 15 pts encontrados na G5
2026-05-06 19:54:42 - INFO - JACKPOT! 1 prêmios de 15 pts encontrados na G6
2026-05-06 19:54:45 - INFO - JACKPOT! 3 prêmios de 15 pts encontrados na G7
2026-05-06 19:54:48 - INFO - JACKPOT! 1 prêmios de 15 pts encontrados na G8
2026-05-06 19:54:52 - INFO - JACKPOT! 1 prêmios de 15 pts encontrados na G9
2026-05-06 19:54:56 - INFO - JACKPOT! 1 prêmios de 15 pts encontrados na G10
2026-05-06 19:55:00 - INFO - JACKPOT! 1 prêmios de 15 pts encontrados na G11
2026-05-06 19:55:04 - INFO - JACKPOT! 1 prêmios de 15 pts encontrados na G12
2026-05-06 19:55:12 - INFO - JACKPOT! 1 prêmios de 15 pts encontrados na G14
2026-05-06 19:55:15 - INFO - JACKPOT! 1 prêmios de 15 pts encontrados na G15
2026-05-06 19:55:19 - INFO - JACKPOT! 1 prêmios de 15 pts encontrados na G16
2026-05-06 19:55:22 - INFO - JACKPOT! 1 prêmios de 15 pts encontrados na G17
2026-05-06 19:55:25 - INFO - JACKPOT! 1 prêmios de 15 pts encontrados na G18
2026-05-06 19:55:29 - INFO - JACKPOT! 1 prêmios de 15 pts encontrados na G19
2026-05-06 19:55:32 - INFO - JACKPOT! 1 prêmios de 15 pts encontrados na G20
2026-05-06 19:55:36 - INFO - JACKPOT! 1 prêmios de 15 pts encontrados na G21
2026-05-06 19:55:39 - INFO - JACKPOT! 1 prêmios de 15 pts encontrados na G22
2026-05-06 19:55:42 - INFO - JACKPOT! 1 prêmios de 15 pts encontrados na G23
2026-05-06 19:55:46 - INFO - JACKPOT! 1 prêmios de 15 pts encontrados na G24
2026-05-06 19:55:49 - INFO - JACKPOT! 1 prêmios de 15 pts encontrados na G25
2026-05-06 19:55:53 - INFO - JACKPOT! 1 prêmios de 15 pts encontrados na G26
2026-05-06 19:55:56 - INFO - JACKPOT! 1 prêmios de 15 pts encontrados na G27
2026-05-06 19:56:03 - INFO - JACKPOT! 1 prêmios de 15 pts encontrados na G29
2026-05-06 19:56:06 - INFO - JACKPOT! 1 prêmios de 15 pts encontrados na G30
2026-05-06 19:56:10 - INFO - JACKPOT! 1 prêmios de 15 pts encontrados na G31
2026-05-06 19:56:13 - INFO - JACKPOT! 1 prêmios de 15 pts encontrados na G32
2026-05-06 19:56:17 - INFO - JACKPOT! 1 prêmios de 15 pts encontrados na G33
2026-05-06 19:56:20 - INFO - JACKPOT! 1 prêmios de 15 pts encontrados na G34
2026-05-06 19:56:24 - INFO - JACKPOT! 1 prêmios de 15 pts encontrados na G35
2026-05-06 19:56:31 - INFO - JACKPOT! 1 prêmios de 15 pts encontrados na G37
2026-05-06 19:56:34 - INFO - JACKPOT! 1 prêmios de 15 pts encontrados na G38
2026-05-06 19:56:38 - INFO - JACKPOT! 1 prêmios de 15 pts encontrados na G39
2026-05-06 19:56:41 - INFO - JACKPOT! 1 prêmios de 15 pts encontrados na G40
2026-05-06 19:56:45 - INFO - JACKPOT! 1 prêmios de 15 pts encontrados na G41
2026-05-06 19:56:48 - INFO - JACKPOT! 1 prêmios de 15 pts encontrados na G42
2026-05-06 19:56:51 - INFO - JACKPOT! 1 prêmios de 15 pts encontrados na G43
2026-05-06 19:56:55 - INFO - JACKPOT! 1 prêmios de 15 pts encontrados na G44
2026-05-06 19:56:58 - INFO - JACKPOT! 1 prêmios de 15 pts encontrados na G45
2026-05-06 19:57:05 - INFO - JACKPOT! 1 prêmios de 15 pts encontrados na G47
2026-05-06 19:57:08 - INFO - JACKPOT! 1 prêmios de 15 pts encontrados na G48
2026-05-06 19:57:12 - INFO - JACKPOT! 1 prêmios de 15 pts encontrados na G49
2026-05-06 19:57:15 - INFO - JACKPOT! 1 prêmios de 15 pts encontrados na G50
2026-05-06 19:57:19 - INFO - JACKPOT! 1 prêmios de 15 pts encontrados na G51
2026-05-06 19:57:22 - INFO - JACKPOT! 2 prêmios de 15 pts encontrados na G52
2026-05-06 19:57:25 - INFO - JACKPOT! 1 prêmios de 15 pts encontrados na G53
2026-05-06 19:57:29 - INFO - JACKPOT! 1 prêmios de 15 pts encontrados na G54
2026-05-06 19:57:32 - INFO - JACKPOT! 1 prêmios de 15 pts encontrados na G55
2026-05-06 19:57:36 - INFO - JACKPOT! 1 prêmios de 15 pts encontrados na G56
2026-05-06 19:57:39 - INFO - JACKPOT! 1 prêmios de 15 pts encontrados na G57
2026-05-06 19:57:42 - INFO - JACKPOT! 1 prêmios de 15 pts encontrados na G58
2026-05-06 19:57:46 - INFO - JACKPOT! 1 prêmios de 15 pts encontrados na G59
2026-05-06 19:57:49 - INFO - JACKPOT! 1 prêmios de 15 pts encontrados na G60
2026-05-06 19:57:53 - INFO - JACKPOT! 2 prêmios de 15 pts encontrados na G61
2026-05-06 19:57:56 - INFO - JACKPOT! 1 prêmios de 15 pts encontrados na G62
2026-05-06 19:58:00 - INFO - JACKPOT! 1 prêmios de 15 pts encontrados na G63
2026-05-06 19:58:03 - INFO - JACKPOT! 2 prêmios de 15 pts encontrados na G64
2026-05-06 19:58:06 - INFO - JACKPOT! 1 prêmios de 15 pts encontrados na G65
2026-05-06 19:58:10 - INFO - JACKPOT! 1 prêmios de 15 pts encontrados na G66
2026-05-06 19:58:17 - INFO - JACKPOT! 1 prêmios de 15 pts encontrados na G68
2026-05-06 19:58:20 - INFO - JACKPOT! 2 prêmios de 15 pts encontrados na G69
2026-05-06 19:58:24 - INFO - JACKPOT! 1 prêmios de 15 pts encontrados na G70
2026-05-06 19:58:35 - INFO - JACKPOT! 1 prêmios de 15 pts encontrados na G73
2026-05-06 19:58:41 - INFO - JACKPOT! 1 prêmios de 15 pts encontrados na G75
2026-05-06 19:58:45 - INFO - JACKPOT! 1 prêmios de 15 pts encontrados na G76
2026-05-06 19:58:48 - INFO - JACKPOT! 1 prêmios de 15 pts encontrados na G77
2026-05-06 19:58:51 - INFO - JACKPOT! 1 prêmios de 15 pts encontrados na G78
2026-05-06 19:58:55 - INFO - JACKPOT! 1 prêmios de 15 pts encontrados na G79
2026-05-06 19:58:59 - INFO - JACKPOT! 1 prêmios de 15 pts encontrados na G80
2026-05-06 19:59:02 - INFO - JACKPOT! 1 prêmios de 15 pts encontrados na G81
2026-05-06 19:59:06 - INFO - JACKPOT! 1 prêmios de 15 pts encontrados na G82
2026-05-06 19:59:10 - INFO - JACKPOT! 1 prêmios de 15 pts encontrados na G83
2026-05-06 19:59:14 - INFO - JACKPOT! 1 prêmios de 15 pts encontrados na G84
2026-05-06 19:59:18 - INFO - JACKPOT! 1 prêmios de 15 pts encontrados na G85
2026-05-06 19:59:21 - INFO - JACKPOT! 1 prêmios de 15 pts encontrados na G86
2026-05-06 19:59:24 - INFO - JACKPOT! 1 prêmios de 15 pts encontrados na G87
2026-05-06 19:59:28 - INFO - JACKPOT! 1 prêmios de 15 pts encontrados na G88
2026-05-06 19:59:31 - INFO - JACKPOT! 1 prêmios de 15 pts encontrados na G89
2026-05-06 19:59:32 - INFO - Motor Híbrido Desligado.
2026-05-06 19:59:55 - INFO - Motor Híbrido Iniciado.
2026-05-06 19:59:59 - INFO - JACKPOT! 2 prêmios de 15 pts encontrados na G0
2026-05-06 20:00:02 - INFO - JACKPOT! 1 prêmios de 15 pts encontrados na G1
2026-05-06 20:00:04 - INFO - JACKPOT! 1 prêmios de 15 pts encontrados na G2
2026-05-06 20:00:07 - INFO - JACKPOT! 1 prêmios de 15 pts encontrados na G3
2026-05-06 20:00:09 - INFO - JACKPOT! 1 prêmios de 15 pts encontrados na G4
2026-05-06 20:00:12 - INFO - JACKPOT! 1 prêmios de 15 pts encontrados na G5
2026-05-06 20:00:15 - INFO - JACKPOT! 1 prêmios de 15 pts encontrados na G6
2026-05-06 20:00:19 - INFO - JACKPOT! 1 prêmios de 15 pts encontrados na G7
2026-05-06 20:00:23 - INFO - JACKPOT! 2 prêmios de 15 pts encontrados na G8
2026-05-06 20:00:26 - INFO - JACKPOT! 1 prêmios de 15 pts encontrados na G9
2026-05-06 20:00:30 - INFO - JACKPOT! 1 prêmios de 15 pts encontrados na G10
2026-05-06 20:00:34 - INFO - JACKPOT! 1 prêmios de 15 pts encontrados na G11
2026-05-06 20:00:37 - INFO - JACKPOT! 2 prêmios de 15 pts encontrados na G12
2026-05-06 20:00:44 - INFO - JACKPOT! 1 prêmios de 15 pts encontrados na G14
2026-05-06 20:00:56 - INFO - JACKPOT! 1 prêmios de 15 pts encontrados na G17
2026-05-06 20:00:59 - INFO - JACKPOT! 1 prêmios de 15 pts encontrados na G18
2026-05-06 20:01:03 - INFO - JACKPOT! 1 prêmios de 15 pts encontrados na G19
2026-05-06 20:01:06 - INFO - JACKPOT! 1 prêmios de 15 pts encontrados na G20
2026-05-06 20:01:10 - INFO - JACKPOT! 1 prêmios de 15 pts encontrados na G21
2026-05-06 20:01:13 - INFO - JACKPOT! 1 prêmios de 15 pts encontrados na G22
2026-05-06 20:01:17 - INFO - JACKPOT! 1 prêmios de 15 pts encontrados na G23
2026-05-06 20:01:20 - INFO - JACKPOT! 1 prêmios de 15 pts encontrados na G24
2026-05-06 20:01:24 - INFO - JACKPOT! 1 prêmios de 15 pts encontrados na G25
2026-05-06 20:01:28 - INFO - JACKPOT! 1 prêmios de 15 pts encontrados na G26
2026-05-06 20:01:31 - INFO - JACKPOT! 1 prêmios de 15 pts encontrados na G27
2026-05-06 20:01:39 - INFO - JACKPOT! 1 prêmios de 15 pts encontrados na G29
2026-05-06 20:01:42 - INFO - JACKPOT! 1 prêmios de 15 pts encontrados na G30
2026-05-06 20:01:46 - INFO - JACKPOT! 1 prêmios de 15 pts encontrados na G31
2026-05-06 20:01:49 - INFO - JACKPOT! 1 prêmios de 15 pts encontrados na G32
2026-05-06 20:01:53 - INFO - JACKPOT! 1 prêmios de 15 pts encontrados na G33
2026-05-06 20:02:00 - INFO - JACKPOT! 1 prêmios de 15 pts encontrados na G35
2026-05-06 20:02:03 - INFO - JACKPOT! 1 prêmios de 15 pts encontrados na G36
2026-05-06 20:02:07 - INFO - JACKPOT! 2 prêmios de 15 pts encontrados na G37
2026-05-06 20:02:10 - INFO - JACKPOT! 2 prêmios de 15 pts encontrados na G38
2026-05-06 20:02:14 - INFO - JACKPOT! 1 prêmios de 15 pts encontrados na G39
2026-05-06 20:02:17 - INFO - JACKPOT! 1 prêmios de 15 pts encontrados na G40
2026-05-06 20:02:21 - INFO - JACKPOT! 1 prêmios de 15 pts encontrados na G41
2026-05-06 20:02:24 - INFO - JACKPOT! 1 prêmios de 15 pts encontrados na G42
2026-05-06 20:02:28 - INFO - JACKPOT! 1 prêmios de 15 pts encontrados na G43
2026-05-06 20:02:31 - INFO - JACKPOT! 1 prêmios de 15 pts encontrados na G44
2026-05-06 20:02:35 - INFO - JACKPOT! 1 prêmios de 15 pts encontrados na G45
2026-05-06 20:02:39 - INFO - JACKPOT! 1 prêmios de 15 pts encontrados na G46
2026-05-06 20:02:42 - INFO - JACKPOT! 1 prêmios de 15 pts encontrados na G47
2026-05-06 20:02:46 - INFO - JACKPOT! 1 prêmios de 15 pts encontrados na G48
2026-05-06 20:02:49 - INFO - JACKPOT! 1 prêmios de 15 pts encontrados na G49
2026-05-06 20:02:53 - INFO - JACKPOT! 1 prêmios de 15 pts encontrados na G50
2026-05-06 20:02:56 - INFO - JACKPOT! 1 prêmios de 15 pts encontrados na G51
2026-05-06 20:03:00 - INFO - JACKPOT! 1 prêmios de 15 pts encontrados na G52
2026-05-06 20:03:03 - INFO - JACKPOT! 1 prêmios de 15 pts encontrados na G53
2026-05-06 20:03:07 - INFO - JACKPOT! 3 prêmios de 15 pts encontrados na G54
2026-05-06 20:03:10 - INFO - JACKPOT! 1 prêmios de 15 pts encontrados na G55
2026-05-06 20:03:14 - INFO - JACKPOT! 1 prêmios de 15 pts encontrados na G56
2026-05-06 20:03:17 - INFO - JACKPOT! 1 prêmios de 15 pts encontrados na G57
2026-05-06 20:03:21 - INFO - JACKPOT! 2 prêmios de 15 pts encontrados na G58
2026-05-06 20:03:29 - INFO - JACKPOT! 1 prêmios de 15 pts encontrados na G60
2026-05-06 20:03:32 - INFO - JACKPOT! 1 prêmios de 15 pts encontrados na G61
2026-05-06 20:03:36 - INFO - JACKPOT! 1 prêmios de 15 pts encontrados na G62
2026-05-06 20:03:39 - INFO - JACKPOT! 1 prêmios de 15 pts encontrados na G63
2026-05-06 20:03:42 - INFO - JACKPOT! 1 prêmios de 15 pts encontrados na G64
2026-05-06 20:03:46 - INFO - JACKPOT! 2 prêmios de 15 pts encontrados na G65
2026-05-06 20:03:50 - INFO - JACKPOT! 1 prêmios de 15 pts encontrados na G66
2026-05-06 20:03:53 - INFO - JACKPOT! 1 prêmios de 15 pts encontrados na G67
2026-05-06 20:03:57 - INFO - JACKPOT! 1 prêmios de 15 pts encontrados na G68
2026-05-06 20:04:00 - INFO - JACKPOT! 1 prêmios de 15 pts encontrados na G69
2026-05-06 20:04:04 - INFO - JACKPOT! 1 prêmios de 15 pts encontrados na G70
2026-05-06 20:04:07 - INFO - JACKPOT! 1 prêmios de 15 pts encontrados na G71
2026-05-06 20:04:11 - INFO - JACKPOT! 1 prêmios de 15 pts encontrados na G72
2026-05-06 20:04:14 - INFO - JACKPOT! 2 prêmios de 15 pts encontrados na G73
2026-05-06 20:04:18 - INFO - JACKPOT! 1 prêmios de 15 pts encontrados na G74
2026-05-06 20:04:21 - INFO - JACKPOT! 2 prêmios de 15 pts encontrados na G75
2026-05-06 20:04:24 - INFO - JACKPOT! 1 prêmios de 15 pts encontrados na G76
2026-05-06 20:04:28 - INFO - JACKPOT! 1 prêmios de 15 pts encontrados na G77
2026-05-06 20:04:31 - INFO - JACKPOT! 1 prêmios de 15 pts encontrados na G78
2026-05-06 20:04:34 - INFO - JACKPOT! 1 prêmios de 15 pts encontrados na G79
2026-05-06 20:04:38 - INFO - JACKPOT! 1 prêmios de 15 pts encontrados na G80
2026-05-06 20:04:42 - INFO - JACKPOT! 1 prêmios de 15 pts encontrados na G81
2026-05-06 20:04:45 - INFO - JACKPOT! 1 prêmios de 15 pts encontrados na G82
2026-05-06 20:04:49 - INFO - JACKPOT! 1 prêmios de 15 pts encontrados na G83
2026-05-06 20:04:52 - INFO - JACKPOT! 1 prêmios de 15 pts encontrados na G84
2026-05-06 20:04:56 - INFO - JACKPOT! 1 prêmios de 15 pts encontrados na G85
2026-05-06 20:04:59 - INFO - JACKPOT! 2 prêmios de 15 pts encontrados na G86
2026-05-06 20:05:03 - INFO - JACKPOT! 1 prêmios de 15 pts encontrados na G87
2026-05-06 20:05:06 - INFO - JACKPOT! 1 prêmios de 15 pts encontrados na G88
2026-05-06 20:05:10 - INFO - JACKPOT! 1 prêmios de 15 pts encontrados na G89
2026-05-06 20:05:13 - INFO - JACKPOT! 1 prêmios de 15 pts encontrados na G90
2026-05-06 20:05:20 - INFO - JACKPOT! 2 prêmios de 15 pts encontrados na G92
2026-05-06 20:05:24 - INFO - JACKPOT! 1 prêmios de 15 pts encontrados na G93
2026-05-06 20:05:35 - INFO - JACKPOT! 1 prêmios de 15 pts encontrados na G96
2026-05-06 20:05:38 - INFO - JACKPOT! 1 prêmios de 15 pts encontrados na G97
2026-05-06 20:05:42 - INFO - JACKPOT! 1 prêmios de 15 pts encontrados na G98
2026-05-06 20:05:45 - INFO - JACKPOT! 1 prêmios de 15 pts encontrados na G99
2026-05-06 20:05:48 - INFO - JACKPOT! 1 prêmios de 15 pts encontrados na G100
2026-05-06 20:05:52 - INFO - JACKPOT! 1 prêmios de 15 pts encontrados na G101
2026-05-06 20:05:55 - INFO - JACKPOT! 1 prêmios de 15 pts encontrados na G102
2026-05-06 20:05:59 - INFO - JACKPOT! 1 prêmios de 15 pts encontrados na G103
2026-05-06 20:06:03 - INFO - JACKPOT! 1 prêmios de 15 pts encontrados na G104
2026-05-06 20:06:07 - INFO - JACKPOT! 1 prêmios de 15 pts encontrados na G105
2026-05-06 20:06:15 - INFO - JACKPOT! 1 prêmios de 15 pts encontrados na G107
2026-05-06 20:06:19 - INFO - JACKPOT! 1 prêmios de 15 pts encontrados na G108
2026-05-06 20:06:23 - INFO - JACKPOT! 1 prêmios de 15 pts encontrados na G109
2026-05-06 20:06:30 - INFO - JACKPOT! 1 prêmios de 15 pts encontrados na G111
2026-05-06 20:06:33 - INFO - JACKPOT! 1 prêmios de 15 pts encontrados na G112
2026-05-06 20:06:37 - INFO - JACKPOT! 1 prêmios de 15 pts encontrados na G113
2026-05-06 20:06:40 - INFO - JACKPOT! 1 prêmios de 15 pts encontrados na G114
2026-05-06 20:06:44 - INFO - JACKPOT! 1 prêmios de 15 pts encontrados na G115
2026-05-06 20:06:50 - INFO - JACKPOT! 1 prêmios de 15 pts encontrados na G117
2026-05-06 20:06:54 - INFO - JACKPOT! 1 prêmios de 15 pts encontrados na G118
2026-05-06 20:06:57 - INFO - JACKPOT! 2 prêmios de 15 pts encontrados na G119
2026-05-06 20:07:01 - INFO - JACKPOT! 1 prêmios de 15 pts encontrados na G120
2026-05-06 20:07:04 - INFO - JACKPOT! 1 prêmios de 15 pts encontrados na G121
2026-05-06 20:07:07 - INFO - JACKPOT! 1 prêmios de 15 pts encontrados na G122
2026-05-06 20:07:14 - INFO - JACKPOT! 1 prêmios de 15 pts encontrados na G124
2026-05-06 20:07:18 - INFO - JACKPOT! 1 prêmios de 15 pts encontrados na G125
2026-05-06 20:07:21 - INFO - JACKPOT! 1 prêmios de 15 pts encontrados na G126
2026-05-06 20:07:25 - INFO - JACKPOT! 1 prêmios de 15 pts encontrados na G127
2026-05-06 20:07:32 - INFO - JACKPOT! 1 prêmios de 15 pts encontrados na G129
2026-05-06 20:07:35 - INFO - JACKPOT! 1 prêmios de 15 pts encontrados na G130
2026-05-06 20:07:39 - INFO - JACKPOT! 1 prêmios de 15 pts encontrados na G131
2026-05-06 20:07:42 - INFO - JACKPOT! 1 prêmios de 15 pts encontrados na G132
2026-05-06 20:07:46 - INFO - JACKPOT! 1 prêmios de 15 pts encontrados na G133
2026-05-06 20:07:49 - INFO - JACKPOT! 1 prêmios de 15 pts encontrados na G134
2026-05-06 20:07:52 - INFO - JACKPOT! 1 prêmios de 15 pts encontrados na G135
2026-05-06 20:07:56 - INFO - JACKPOT! 1 prêmios de 15 pts encontrados na G136
2026-05-06 20:07:59 - INFO - JACKPOT! 3 prêmios de 15 pts encontrados na G137
2026-05-06 20:08:03 - INFO - JACKPOT! 2 prêmios de 15 pts encontrados na G138
2026-05-06 20:08:06 - INFO - JACKPOT! 1 prêmios de 15 pts encontrados na G139
2026-05-06 20:08:10 - INFO - JACKPOT! 1 prêmios de 15 pts encontrados na G140
2026-05-06 20:08:13 - INFO - JACKPOT! 1 prêmios de 15 pts encontrados na G141
2026-05-06 20:08:17 - INFO - JACKPOT! 1 prêmios de 15 pts encontrados na G142
2026-05-06 20:08:20 - INFO - JACKPOT! 1 prêmios de 15 pts encontrados na G143
2026-05-06 20:08:24 - INFO - JACKPOT! 1 prêmios de 15 pts encontrados na G144
2026-05-06 20:08:27 - INFO - JACKPOT! 1 prêmios de 15 pts encontrados na G145
2026-05-06 20:08:31 - INFO - JACKPOT! 1 prêmios de 15 pts encontrados na G146
2026-05-06 20:08:34 - INFO - JACKPOT! 1 prêmios de 15 pts encontrados na G147
2026-05-06 20:08:38 - INFO - JACKPOT! 2 prêmios de 15 pts encontrados na G148
2026-05-06 20:08:41 - INFO - JACKPOT! 1 prêmios de 15 pts encontrados na G149
2026-05-06 20:08:45 - INFO - JACKPOT! 1 prêmios de 15 pts encontrados na G150
2026-05-06 20:08:48 - INFO - JACKPOT! 1 prêmios de 15 pts encontrados na G151
2026-05-06 20:08:52 - INFO - JACKPOT! 1 prêmios de 15 pts encontrados na G152
2026-05-06 20:08:55 - INFO - JACKPOT! 1 prêmios de 15 pts encontrados na G153
2026-05-06 20:08:59 - INFO - JACKPOT! 1 prêmios de 15 pts encontrados na G154
2026-05-06 20:09:06 - INFO - JACKPOT! 1 prêmios de 15 pts encontrados na G156
2026-05-06 20:09:16 - INFO - JACKPOT! 1 prêmios de 15 pts encontrados na G159
2026-05-06 20:09:20 - INFO - JACKPOT! 1 prêmios de 15 pts encontrados na G160
2026-05-06 20:09:24 - INFO - JACKPOT! 1 prêmios de 15 pts encontrados na G161
2026-05-06 20:09:27 - INFO - JACKPOT! 1 prêmios de 15 pts encontrados na G162
2026-05-06 20:09:31 - INFO - JACKPOT! 1 prêmios de 15 pts encontrados na G163
2026-05-06 20:09:34 - INFO - JACKPOT! 1 prêmios de 15 pts encontrados na G164
2026-05-06 20:09:38 - INFO - JACKPOT! 1 prêmios de 15 pts encontrados na G165
2026-05-06 20:09:41 - INFO - JACKPOT! 1 prêmios de 15 pts encontrados na G166
2026-05-06 20:09:44 - INFO - JACKPOT! 1 prêmios de 15 pts encontrados na G167
2026-05-06 20:09:48 - INFO - JACKPOT! 1 prêmios de 15 pts encontrados na G168
2026-05-06 20:09:52 - INFO - JACKPOT! 2 prêmios de 15 pts encontrados na G169
2026-05-06 20:09:55 - INFO - JACKPOT! 1 prêmios de 15 pts encontrados na G170
2026-05-06 20:09:59 - INFO - JACKPOT! 1 prêmios de 15 pts encontrados na G171
2026-05-06 20:10:06 - INFO - JACKPOT! 2 prêmios de 15 pts encontrados na G173
2026-05-06 20:10:09 - INFO - JACKPOT! 1 prêmios de 15 pts encontrados na G174
2026-05-06 20:10:13 - INFO - JACKPOT! 1 prêmios de 15 pts encontrados na G175
2026-05-06 20:10:16 - INFO - JACKPOT! 1 prêmios de 15 pts encontrados na G176
2026-05-06 20:10:23 - INFO - JACKPOT! 1 prêmios de 15 pts encontrados na G178
2026-05-06 20:10:27 - INFO - JACKPOT! 1 prêmios de 15 pts encontrados na G179
2026-05-06 20:10:31 - INFO - JACKPOT! 1 prêmios de 15 pts encontrados na G180
2026-05-06 20:10:34 - INFO - JACKPOT! 1 prêmios de 15 pts encontrados na G181
2026-05-06 20:10:37 - INFO - JACKPOT! 1 prêmios de 15 pts encontrados na G182
2026-05-06 20:10:41 - INFO - JACKPOT! 1 prêmios de 15 pts encontrados na G183
2026-05-06 20:10:44 - INFO - JACKPOT! 1 prêmios de 15 pts encontrados na G184
2026-05-06 20:10:51 - INFO - JACKPOT! 1 prêmios de 15 pts encontrados na G186
2026-05-06 20:10:55 - INFO - JACKPOT! 1 prêmios de 15 pts encontrados na G187
2026-05-06 20:10:58 - INFO - JACKPOT! 1 prêmios de 15 pts encontrados na G188
2026-05-06 20:11:01 - INFO - JACKPOT! 2 prêmios de 15 pts encontrados na G189
2026-05-06 20:11:05 - INFO - JACKPOT! 1 prêmios de 15 pts encontrados na G190
2026-05-06 20:11:13 - INFO - JACKPOT! 1 prêmios de 15 pts encontrados na G192
2026-05-06 20:11:17 - INFO - JACKPOT! 1 prêmios de 15 pts encontrados na G193
2026-05-06 20:11:21 - INFO - JACKPOT! 1 prêmios de 15 pts encontrados na G194
2026-05-06 20:11:25 - INFO - JACKPOT! 1 prêmios de 15 pts encontrados na G195
2026-05-06 20:11:29 - INFO - JACKPOT! 1 prêmios de 15 pts encontrados na G196
2026-05-06 20:11:33 - INFO - JACKPOT! 1 prêmios de 15 pts encontrados na G197
2026-05-06 20:11:36 - INFO - JACKPOT! 1 prêmios de 15 pts encontrados na G198
2026-05-06 20:11:40 - INFO - JACKPOT! 1 prêmios de 15 pts encontrados na G199
2026-05-06 20:11:43 - INFO - JACKPOT! 1 prêmios de 15 pts encontrados na G200
2026-05-06 20:11:46 - INFO - JACKPOT! 1 prêmios de 15 pts encontrados na G201
2026-05-06 20:11:50 - INFO - JACKPOT! 1 prêmios de 15 pts encontrados na G202
2026-05-06 20:11:53 - INFO - JACKPOT! 1 prêmios de 15 pts encontrados na G203
2026-05-06 20:11:57 - INFO - JACKPOT! 1 prêmios de 15 pts encontrados na G204
2026-05-06 20:12:00 - INFO - JACKPOT! 2 prêmios de 15 pts encontrados na G205
2026-05-06 20:12:03 - INFO - JACKPOT! 1 prêmios de 15 pts encontrados na G206
2026-05-06 20:12:07 - INFO - JACKPOT! 2 prêmios de 15 pts encontrados na G207
2026-05-06 20:12:10 - INFO - JACKPOT! 1 prêmios de 15 pts encontrados na G208
2026-05-06 20:12:14 - INFO - JACKPOT! 1 prêmios de 15 pts encontrados na G209
2026-05-06 20:12:17 - INFO - JACKPOT! 1 prêmios de 15 pts encontrados na G210
2026-05-06 20:12:21 - INFO - JACKPOT! 1 prêmios de 15 pts encontrados na G211
2026-05-06 20:12:24 - INFO - JACKPOT! 1 prêmios de 15 pts encontrados na G212
2026-05-06 20:12:28 - INFO - JACKPOT! 1 prêmios de 15 pts encontrados na G213
2026-05-06 20:12:31 - INFO - JACKPOT! 1 prêmios de 15 pts encontrados na G214
2026-05-06 20:12:34 - INFO - JACKPOT! 1 prêmios de 15 pts encontrados na G215
2026-05-06 20:12:38 - INFO - JACKPOT! 1 prêmios de 15 pts encontrados na G216
2026-05-06 20:12:41 - INFO - JACKPOT! 1 prêmios de 15 pts encontrados na G217
2026-05-06 20:12:45 - INFO - JACKPOT! 1 prêmios de 15 pts encontrados na G218
2026-05-06 20:12:48 - INFO - JACKPOT! 3 prêmios de 15 pts encontrados na G219
2026-05-06 20:12:52 - INFO - JACKPOT! 1 prêmios de 15 pts encontrados na G220
2026-05-06 20:12:55 - INFO - JACKPOT! 1 prêmios de 15 pts encontrados na G221
2026-05-06 20:12:59 - INFO - JACKPOT! 1 prêmios de 15 pts encontrados na G222
2026-05-06 20:13:02 - INFO - JACKPOT! 1 prêmios de 15 pts encontrados na G223
2026-05-06 20:13:05 - INFO - JACKPOT! 1 prêmios de 15 pts encontrados na G224
2026-05-06 20:13:09 - INFO - JACKPOT! 1 prêmios de 15 pts encontrados na G225
2026-05-06 20:13:13 - INFO - JACKPOT! 1 prêmios de 15 pts encontrados na G226
2026-05-06 20:13:16 - INFO - JACKPOT! 1 prêmios de 15 pts encontrados na G227
2026-05-06 20:13:20 - INFO - JACKPOT! 1 prêmios de 15 pts encontrados na G228
2026-05-06 20:13:29 - INFO - JACKPOT! 1 prêmios de 15 pts encontrados na G230
2026-05-06 20:13:33 - INFO - JACKPOT! 1 prêmios de 15 pts encontrados na G231
2026-05-06 20:13:36 - INFO - JACKPOT! 1 prêmios de 15 pts encontrados na G232
2026-05-06 20:13:40 - INFO - JACKPOT! 1 prêmios de 15 pts encontrados na G233
2026-05-06 20:13:44 - INFO - JACKPOT! 1 prêmios de 15 pts encontrados na G234
2026-05-06 20:13:49 - INFO - JACKPOT! 2 prêmios de 15 pts encontrados na G235
2026-05-06 20:13:54 - INFO - JACKPOT! 1 prêmios de 15 pts encontrados na G236
2026-05-06 20:13:58 - INFO - JACKPOT! 1 prêmios de 15 pts encontrados na G237
2026-05-06 20:14:02 - INFO - JACKPOT! 1 prêmios de 15 pts encontrados na G238
2026-05-06 20:14:07 - INFO - JACKPOT! 1 prêmios de 15 pts encontrados na G239
2026-05-06 20:14:11 - INFO - JACKPOT! 1 prêmios de 15 pts encontrados na G240
2026-05-06 20:14:16 - INFO - JACKPOT! 1 prêmios de 15 pts encontrados na G241
2026-05-06 20:14:21 - INFO - JACKPOT! 1 prêmios de 15 pts encontrados na G242
2026-05-06 20:14:25 - INFO - JACKPOT! 1 prêmios de 15 pts encontrados na G243
2026-05-06 20:14:30 - INFO - JACKPOT! 1 prêmios de 15 pts encontrados na G244
2026-05-06 20:14:33 - INFO - JACKPOT! 1 prêmios de 15 pts encontrados na G245
2026-05-06 20:14:38 - INFO - JACKPOT! 1 prêmios de 15 pts encontrados na G246
2026-05-06 20:14:41 - INFO - JACKPOT! 1 prêmios de 15 pts encontrados na G247
2026-05-06 20:14:45 - INFO - JACKPOT! 1 prêmios de 15 pts encontrados na G248
2026-05-06 20:14:49 - INFO - JACKPOT! 1 prêmios de 15 pts encontrados na G249
2026-05-06 20:14:53 - INFO - JACKPOT! 1 prêmios de 15 pts encontrados na G250
2026-05-06 20:14:57 - INFO - JACKPOT! 1 prêmios de 15 pts encontrados na G251
2026-05-06 20:15:01 - INFO - JACKPOT! 2 prêmios de 15 pts encontrados na G252
2026-05-06 20:15:05 - INFO - JACKPOT! 1 prêmios de 15 pts encontrados na G253
2026-05-06 20:15:08 - INFO - JACKPOT! 1 prêmios de 15 pts encontrados na G254
2026-05-06 20:15:12 - INFO - JACKPOT! 2 prêmios de 15 pts encontrados na G255
2026-05-06 20:15:16 - INFO - JACKPOT! 1 prêmios de 15 pts encontrados na G256
2026-05-06 20:15:20 - INFO - JACKPOT! 1 prêmios de 15 pts encontrados na G257
2026-05-06 20:15:24 - INFO - JACKPOT! 1 prêmios de 15 pts encontrados na G258
2026-05-06 20:15:27 - INFO - JACKPOT! 1 prêmios de 15 pts encontrados na G259
2026-05-06 20:15:31 - INFO - JACKPOT! 1 prêmios de 15 pts encontrados na G260
2026-05-06 20:15:35 - INFO - JACKPOT! 1 prêmios de 15 pts encontrados na G261
2026-05-06 20:15:39 - INFO - JACKPOT! 1 prêmios de 15 pts encontrados na G262
2026-05-06 20:15:43 - INFO - JACKPOT! 2 prêmios de 15 pts encontrados na G263
2026-05-06 20:15:47 - INFO - JACKPOT! 2 prêmios de 15 pts encontrados na G264
2026-05-06 20:15:50 - INFO - JACKPOT! 2 prêmios de 15 pts encontrados na G265
2026-05-06 20:15:54 - INFO - JACKPOT! 1 prêmios de 15 pts encontrados na G266
2026-05-06 20:15:58 - INFO - JACKPOT! 2 prêmios de 15 pts encontrados na G267
2026-05-06 20:16:02 - INFO - JACKPOT! 1 prêmios de 15 pts encontrados na G268
2026-05-06 20:16:06 - INFO - JACKPOT! 1 prêmios de 15 pts encontrados na G269
2026-05-06 20:16:10 - INFO - JACKPOT! 2 prêmios de 15 pts encontrados na G270
2026-05-06 20:16:14 - INFO - JACKPOT! 1 prêmios de 15 pts encontrados na G271
2026-05-06 20:16:18 - INFO - JACKPOT! 1 prêmios de 15 pts encontrados na G272
2026-05-06 20:16:25 - INFO - JACKPOT! 1 prêmios de 15 pts encontrados na G274
2026-05-06 20:16:29 - INFO - JACKPOT! 1 prêmios de 15 pts encontrados na G275
2026-05-06 20:16:32 - INFO - JACKPOT! 1 prêmios de 15 pts encontrados na G276
2026-05-06 20:16:36 - INFO - JACKPOT! 1 prêmios de 15 pts encontrados na G277
2026-05-06 20:16:40 - INFO - JACKPOT! 1 prêmios de 15 pts encontrados na G278
2026-05-06 20:16:43 - INFO - JACKPOT! 1 prêmios de 15 pts encontrados na G279
2026-05-06 20:16:47 - INFO - JACKPOT! 1 prêmios de 15 pts encontrados na G280
2026-05-06 20:16:51 - INFO - JACKPOT! 1 prêmios de 15 pts encontrados na G281
2026-05-06 20:16:55 - INFO - JACKPOT! 1 prêmios de 15 pts encontrados na G282
2026-05-06 20:16:58 - INFO - JACKPOT! 1 prêmios de 15 pts encontrados na G283
2026-05-06 20:17:02 - INFO - JACKPOT! 1 prêmios de 15 pts encontrados na G284
2026-05-06 20:17:05 - INFO - JACKPOT! 1 prêmios de 15 pts encontrados na G285
2026-05-06 20:17:09 - INFO - JACKPOT! 1 prêmios de 15 pts encontrados na G286
2026-05-06 20:17:12 - INFO - JACKPOT! 1 prêmios de 15 pts encontrados na G287
2026-05-06 20:17:16 - INFO - JACKPOT! 1 prêmios de 15 pts encontrados na G288
2026-05-06 20:17:23 - INFO - JACKPOT! 1 prêmios de 15 pts encontrados na G290
2026-05-06 20:17:30 - INFO - JACKPOT! 1 prêmios de 15 pts encontrados na G292
2026-05-06 20:17:34 - INFO - JACKPOT! 1 prêmios de 15 pts encontrados na G293
2026-05-06 20:17:37 - INFO - JACKPOT! 1 prêmios de 15 pts encontrados na G294
2026-05-06 20:17:44 - INFO - JACKPOT! 2 prêmios de 15 pts encontrados na G296
2026-05-06 20:17:47 - INFO - JACKPOT! 1 prêmios de 15 pts encontrados na G297
2026-05-06 20:17:51 - INFO - JACKPOT! 1 prêmios de 15 pts encontrados na G298
2026-05-06 20:17:54 - INFO - JACKPOT! 1 prêmios de 15 pts encontrados na G299
2026-05-06 20:17:58 - INFO - JACKPOT! 1 prêmios de 15 pts encontrados na G300
2026-05-06 20:18:05 - INFO - JACKPOT! 1 prêmios de 15 pts encontrados na G302
2026-05-06 20:18:09 - INFO - JACKPOT! 1 prêmios de 15 pts encontrados na G303
2026-05-06 20:18:12 - INFO - JACKPOT! 1 prêmios de 15 pts encontrados na G304
2026-05-06 20:18:16 - INFO - JACKPOT! 1 prêmios de 15 pts encontrados na G305
2026-05-06 20:18:16 - INFO - Motor Híbrido Desligado.
2026-05-06 20:37:38 - INFO - Motor Híbrido Iniciado.
2026-05-06 20:37:38 - INFO - Iniciando IA Preditiva: Cadeias de Markov
2026-05-06 20:37:42 - INFO - JACKPOT! 1 prêmios de 15 pts encontrados na G0
2026-05-06 20:37:44 - INFO - JACKPOT! 1 prêmios de 15 pts encontrados na G1
2026-05-06 20:37:47 - INFO - JACKPOT! 1 prêmios de 15 pts encontrados na G2
2026-05-06 20:37:49 - INFO - JACKPOT! 1 prêmios de 15 pts encontrados na G3
2026-05-06 20:37:52 - INFO - JACKPOT! 1 prêmios de 15 pts encontrados na G4
2026-05-06 20:37:55 - INFO - JACKPOT! 1 prêmios de 15 pts encontrados na G5
2026-05-06 20:37:57 - INFO - JACKPOT! 1 prêmios de 15 pts encontrados na G6
2026-05-06 20:38:00 - INFO - JACKPOT! 1 prêmios de 15 pts encontrados na G7
2026-05-06 20:38:03 - INFO - JACKPOT! 1 prêmios de 15 pts encontrados na G8
2026-05-06 20:38:06 - INFO - JACKPOT! 1 prêmios de 15 pts encontrados na G9
2026-05-06 20:38:10 - INFO - JACKPOT! 1 prêmios de 15 pts encontrados na G10
2026-05-06 20:38:14 - INFO - JACKPOT! 1 prêmios de 15 pts encontrados na G11
2026-05-06 20:38:17 - INFO - JACKPOT! 1 prêmios de 15 pts encontrados na G12
2026-05-06 20:38:21 - INFO - JACKPOT! 1 prêmios de 15 pts encontrados na G13
2026-05-06 20:38:25 - INFO - JACKPOT! 1 prêmios de 15 pts encontrados na G14
2026-05-06 20:38:29 - INFO - JACKPOT! 1 prêmios de 15 pts encontrados na G15
2026-05-06 20:38:34 - INFO - JACKPOT! 1 prêmios de 15 pts encontrados na G16
2026-05-06 20:38:38 - INFO - JACKPOT! 1 prêmios de 15 pts encontrados na G17
2026-05-06 20:38:42 - INFO - JACKPOT! 1 prêmios de 15 pts encontrados na G18
2026-05-06 20:38:46 - INFO - JACKPOT! 1 prêmios de 15 pts encontrados na G19
2026-05-06 20:38:50 - INFO - JACKPOT! 1 prêmios de 15 pts encontrados na G20
2026-05-06 20:38:54 - INFO - JACKPOT! 1 prêmios de 15 pts encontrados na G21
2026-05-06 20:38:58 - INFO - JACKPOT! 1 prêmios de 15 pts encontrados na G22
2026-05-06 20:39:02 - INFO - JACKPOT! 1 prêmios de 15 pts encontrados na G23
2026-05-06 20:39:05 - INFO - JACKPOT! 1 prêmios de 15 pts encontrados na G24
2026-05-06 20:39:10 - INFO - JACKPOT! 1 prêmios de 15 pts encontrados na G25
2026-05-06 20:39:14 - INFO - JACKPOT! 1 prêmios de 15 pts encontrados na G26
2026-05-06 20:39:17 - INFO - JACKPOT! 1 prêmios de 15 pts encontrados na G27
2026-05-06 20:39:21 - INFO - JACKPOT! 1 prêmios de 15 pts encontrados na G28
2026-05-06 20:39:21 - INFO - Motor Híbrido Desligado.
2026-05-06 20:39:22 - INFO - Motor Híbrido Iniciado.
2026-05-06 20:39:22 - INFO - Iniciando IA Preditiva: Cadeias de Markov
2026-05-06 20:39:28 - INFO - JACKPOT! 1 prêmios de 15 pts encontrados na G0
2026-05-06 20:39:31 - INFO - JACKPOT! 1 prêmios de 15 pts encontrados na G1
2026-05-06 20:39:35 - INFO - JACKPOT! 1 prêmios de 15 pts encontrados na G2
2026-05-06 20:39:38 - INFO - JACKPOT! 1 prêmios de 15 pts encontrados na G3
2026-05-06 20:39:42 - INFO - JACKPOT! 1 prêmios de 15 pts encontrados na G4
2026-05-06 20:39:44 - INFO - Motor Híbrido Iniciado.
2026-05-06 20:39:44 - INFO - Iniciando IA Preditiva: Cadeias de Markov
2026-05-06 20:39:46 - INFO - JACKPOT! 1 prêmios de 15 pts encontrados na G5
2026-05-06 20:39:50 - INFO - JACKPOT! 1 prêmios de 15 pts encontrados na G6
2026-05-06 20:39:56 - INFO - JACKPOT! 1 prêmios de 15 pts encontrados na G0
2026-05-06 20:39:58 - INFO - JACKPOT! 1 prêmios de 15 pts encontrados na G7
2026-05-06 20:40:02 - INFO - JACKPOT! 1 prêmios de 15 pts encontrados na G1
2026-05-06 20:40:05 - INFO - JACKPOT! 1 prêmios de 15 pts encontrados na G8
2026-05-06 20:40:12 - INFO - JACKPOT! 1 prêmios de 15 pts encontrados na G9
2026-05-06 20:40:16 - INFO - JACKPOT! 1 prêmios de 15 pts encontrados na G3
2026-05-06 20:40:19 - INFO - JACKPOT! 1 prêmios de 15 pts encontrados na G10
2026-05-06 20:40:22 - INFO - JACKPOT! 1 prêmios de 15 pts encontrados na G4
2026-05-06 20:40:25 - INFO - JACKPOT! 1 prêmios de 15 pts encontrados na G11
2026-05-06 20:40:29 - INFO - JACKPOT! 1 prêmios de 15 pts encontrados na G5
2026-05-06 20:40:32 - INFO - JACKPOT! 1 prêmios de 15 pts encontrados na G12
2026-05-06 20:40:36 - INFO - JACKPOT! 1 prêmios de 15 pts encontrados na G6
2026-05-06 20:40:39 - INFO - JACKPOT! 1 prêmios de 15 pts encontrados na G13
2026-05-06 20:40:42 - INFO - JACKPOT! 2 prêmios de 15 pts encontrados na G7
2026-05-06 20:40:46 - INFO - JACKPOT! 1 prêmios de 15 pts encontrados na G14
2026-05-06 20:40:49 - INFO - JACKPOT! 1 prêmios de 15 pts encontrados na G8
2026-05-06 20:40:52 - INFO - JACKPOT! 1 prêmios de 15 pts encontrados na G15
2026-05-06 20:40:53 - INFO - Motor Híbrido Desligado.
2026-05-06 20:40:53 - INFO - Motor Híbrido Iniciado.
2026-05-06 20:40:53 - INFO - Iniciando IA Preditiva: Cadeias de Markov
2026-05-06 20:40:55 - INFO - JACKPOT! 1 prêmios de 15 pts encontrados na G9
2026-05-06 20:41:00 - INFO - JACKPOT! 1 prêmios de 15 pts encontrados na G10
2026-05-06 20:41:00 - INFO - Motor Híbrido Desligado.
2026-05-06 20:41:04 - INFO - JACKPOT! 2 prêmios de 15 pts encontrados na G0
2026-05-06 20:41:04 - INFO - Motor Híbrido Desligado.
2026-05-06 20:41:06 - INFO - Motor Híbrido Iniciado.
2026-05-06 20:41:11 - INFO - JACKPOT! 1 prêmios de 15 pts encontrados na G0
2026-05-06 20:41:15 - INFO - JACKPOT! 1 prêmios de 15 pts encontrados na G1
2026-05-06 20:41:18 - INFO - JACKPOT! 1 prêmios de 15 pts encontrados na G2
2026-05-06 20:41:22 - INFO - JACKPOT! 1 prêmios de 15 pts encontrados na G3
2026-05-06 20:41:22 - INFO - Motor Híbrido Desligado.
2026-05-06 20:41:27 - INFO - Motor Híbrido Iniciado.
2026-05-06 20:41:27 - INFO - Iniciando IA Preditiva: Cadeias de Markov
2026-05-06 20:41:31 - INFO - JACKPOT! 1 prêmios de 15 pts encontrados na G0
2026-05-06 20:41:35 - INFO - JACKPOT! 1 prêmios de 15 pts encontrados na G1
2026-05-06 20:41:39 - INFO - JACKPOT! 1 prêmios de 15 pts encontrados na G2
2026-05-06 20:41:43 - INFO - JACKPOT! 1 prêmios de 15 pts encontrados na G3
2026-05-06 20:41:47 - INFO - JACKPOT! 1 prêmios de 15 pts encontrados na G4
2026-05-06 20:48:41 - INFO - Motor Híbrido Iniciado.
2026-05-06 20:48:54 - INFO - JACKPOT! 2 prêmios de 15 pts encontrados na G1
2026-05-06 20:49:01 - INFO - JACKPOT! 1 prêmios de 15 pts encontrados na G2
2026-05-06 20:49:08 - INFO - JACKPOT! 1 prêmios de 15 pts encontrados na G3
2026-05-06 20:49:22 - INFO - JACKPOT! 1 prêmios de 15 pts encontrados na G5
2026-05-06 20:49:55 - INFO - Motor Híbrido Iniciado.
2026-05-06 20:49:59 - INFO - JACKPOT! 4 prêmios de 15 pts encontrados na G0
2026-05-06 20:50:01 - INFO - JACKPOT! 4 prêmios de 15 pts encontrados na G1
2026-05-06 20:50:03 - INFO - JACKPOT! 4 prêmios de 15 pts encontrados na G2
2026-05-06 20:50:06 - INFO - JACKPOT! 4 prêmios de 15 pts encontrados na G3
2026-05-06 20:50:08 - INFO - JACKPOT! 4 prêmios de 15 pts encontrados na G4
2026-05-06 20:50:10 - INFO - JACKPOT! 4 prêmios de 15 pts encontrados na G5
2026-05-06 20:50:12 - INFO - JACKPOT! 4 prêmios de 15 pts encontrados na G6
2026-05-06 20:50:15 - INFO - JACKPOT! 4 prêmios de 15 pts encontrados na G7
2026-05-06 20:50:17 - INFO - JACKPOT! 4 prêmios de 15 pts encontrados na G8
2026-05-06 20:50:17 - INFO - Motor Híbrido Desligado.
2026-05-06 20:50:22 - INFO - Motor Híbrido Iniciado.
2026-05-06 20:50:26 - INFO - JACKPOT! 4 prêmios de 15 pts encontrados na G0
2026-05-06 20:50:28 - INFO - JACKPOT! 4 prêmios de 15 pts encontrados na G1
2026-05-06 20:50:31 - INFO - JACKPOT! 4 prêmios de 15 pts encontrados na G2
2026-05-06 20:50:34 - INFO - JACKPOT! 4 prêmios de 15 pts encontrados na G3
2026-05-06 20:50:37 - INFO - JACKPOT! 4 prêmios de 15 pts encontrados na G4
2026-05-06 20:50:37 - INFO - Motor Híbrido Desligado.
2026-05-06 20:50:40 - INFO - Motor Híbrido Iniciado.
2026-05-06 20:50:40 - INFO - Iniciando IA Preditiva: Cadeias de Markov
2026-05-06 20:50:44 - INFO - JACKPOT! 4 prêmios de 15 pts encontrados na G0
2026-05-06 20:50:47 - INFO - JACKPOT! 4 prêmios de 15 pts encontrados na G1
2026-05-06 20:50:49 - INFO - JACKPOT! 4 prêmios de 15 pts encontrados na G2
2026-05-06 20:50:50 - INFO - Motor Híbrido Desligado.
2026-05-06 20:51:00 - INFO - Motor Híbrido Iniciado.
2026-05-06 20:51:00 - INFO - Iniciando IA Preditiva: Cadeias de Markov
2026-05-06 20:51:04 - INFO - JACKPOT! 4 prêmios de 15 pts encontrados na G0
2026-05-06 20:51:06 - INFO - JACKPOT! 4 prêmios de 15 pts encontrados na G1
2026-05-06 20:51:06 - INFO - Motor Híbrido Desligado.
2026-05-06 20:51:09 - INFO - Motor Híbrido Iniciado.
2026-05-06 20:51:09 - INFO - Iniciando IA Preditiva: Cadeias de Markov
2026-05-06 20:51:13 - INFO - JACKPOT! 4 prêmios de 15 pts encontrados na G0
2026-05-06 20:51:15 - INFO - JACKPOT! 4 prêmios de 15 pts encontrados na G1
2026-05-06 20:51:18 - INFO - JACKPOT! 4 prêmios de 15 pts encontrados na G2
2026-05-06 20:51:21 - INFO - JACKPOT! 4 prêmios de 15 pts encontrados na G3
2026-05-06 20:51:24 - INFO - JACKPOT! 4 prêmios de 15 pts encontrados na G4
2026-05-06 20:51:24 - INFO - Motor Híbrido Desligado.
2026-05-06 20:52:18 - INFO - Motor Híbrido Iniciado.
2026-05-06 20:52:18 - INFO - Iniciando IA Preditiva: Cadeias de Markov
2026-05-06 20:52:21 - INFO - JACKPOT! 3 prêmios de 15 pts encontrados na G0
2026-05-06 20:52:24 - INFO - JACKPOT! 1 prêmios de 15 pts encontrados na G1
2026-05-06 20:52:26 - INFO - JACKPOT! 2 prêmios de 15 pts encontrados na G2
2026-05-06 20:52:28 - INFO - JACKPOT! 3 prêmios de 15 pts encontrados na G3
2026-05-06 20:52:31 - INFO - JACKPOT! 4 prêmios de 15 pts encontrados na G4
2026-05-06 20:52:35 - INFO - JACKPOT! 2 prêmios de 15 pts encontrados na G6
2026-05-06 20:52:38 - INFO - JACKPOT! 5 prêmios de 15 pts encontrados na G7
2026-05-06 20:52:42 - INFO - JACKPOT! 1 prêmios de 15 pts encontrados na G8
2026-05-06 20:52:46 - INFO - JACKPOT! 3 prêmios de 15 pts encontrados na G9
2026-05-06 20:52:50 - INFO - JACKPOT! 3 prêmios de 15 pts encontrados na G10
2026-05-06 20:52:53 - INFO - JACKPOT! 2 prêmios de 15 pts encontrados na G11
2026-05-06 20:52:56 - INFO - JACKPOT! 1 prêmios de 15 pts encontrados na G12
2026-05-06 20:52:59 - INFO - JACKPOT! 2 prêmios de 15 pts encontrados na G13
2026-05-06 20:53:05 - INFO - JACKPOT! 5 prêmios de 15 pts encontrados na G15
2026-05-06 20:53:11 - INFO - JACKPOT! 5 prêmios de 15 pts encontrados na G17
2026-05-06 20:53:14 - INFO - JACKPOT! 3 prêmios de 15 pts encontrados na G18
2026-05-06 20:53:17 - INFO - JACKPOT! 3 prêmios de 15 pts encontrados na G19
2026-05-06 20:53:20 - INFO - JACKPOT! 3 prêmios de 15 pts encontrados na G20
2026-05-06 20:53:26 - INFO - JACKPOT! 2 prêmios de 15 pts encontrados na G22
2026-05-06 20:53:29 - INFO - JACKPOT! 4 prêmios de 15 pts encontrados na G23
2026-05-06 20:53:32 - INFO - JACKPOT! 1 prêmios de 15 pts encontrados na G24
2026-05-06 20:53:38 - INFO - JACKPOT! 1 prêmios de 15 pts encontrados na G26
2026-05-06 20:53:42 - INFO - JACKPOT! 5 prêmios de 15 pts encontrados na G27
2026-05-06 20:53:45 - INFO - JACKPOT! 1 prêmios de 15 pts encontrados na G28
2026-05-06 20:53:48 - INFO - JACKPOT! 3 prêmios de 15 pts encontrados na G29
2026-05-06 20:53:51 - INFO - JACKPOT! 7 prêmios de 15 pts encontrados na G30
2026-05-06 20:53:54 - INFO - JACKPOT! 3 prêmios de 15 pts encontrados na G31
2026-05-06 20:53:57 - INFO - JACKPOT! 1 prêmios de 15 pts encontrados na G32
2026-05-06 20:54:04 - INFO - JACKPOT! 3 prêmios de 15 pts encontrados na G34
2026-05-06 20:54:07 - INFO - JACKPOT! 2 prêmios de 15 pts encontrados na G35
2026-05-06 20:54:16 - INFO - JACKPOT! 1 prêmios de 15 pts encontrados na G38
2026-05-06 20:54:19 - INFO - JACKPOT! 1 prêmios de 15 pts encontrados na G39
2026-05-06 20:54:25 - INFO - JACKPOT! 2 prêmios de 15 pts encontrados na G41
2026-05-06 20:54:28 - INFO - JACKPOT! 3 prêmios de 15 pts encontrados na G42
2026-05-06 20:54:31 - INFO - JACKPOT! 4 prêmios de 15 pts encontrados na G43
2026-05-06 20:54:34 - INFO - JACKPOT! 1 prêmios de 15 pts encontrados na G44
2026-05-06 20:54:37 - INFO - JACKPOT! 2 prêmios de 15 pts encontrados na G45
2026-05-06 20:54:40 - INFO - JACKPOT! 2 prêmios de 15 pts encontrados na G46
2026-05-06 20:54:43 - INFO - JACKPOT! 2 prêmios de 15 pts encontrados na G47
2026-05-06 20:54:51 - INFO - JACKPOT! 1 prêmios de 15 pts encontrados na G49
2026-05-06 20:55:02 - INFO - JACKPOT! 2 prêmios de 15 pts encontrados na G52
2026-05-06 20:55:06 - INFO - JACKPOT! 2 prêmios de 15 pts encontrados na G53
2026-05-06 20:55:10 - INFO - JACKPOT! 1 prêmios de 15 pts encontrados na G54
2026-05-06 20:55:14 - INFO - JACKPOT! 1 prêmios de 15 pts encontrados na G55
2026-05-06 20:55:21 - INFO - JACKPOT! 3 prêmios de 15 pts encontrados na G57
2026-05-06 20:55:25 - INFO - JACKPOT! 5 prêmios de 15 pts encontrados na G58
2026-05-06 20:55:28 - INFO - JACKPOT! 2 prêmios de 15 pts encontrados na G59
2026-05-06 20:55:32 - INFO - JACKPOT! 3 prêmios de 15 pts encontrados na G60
2026-05-06 20:55:36 - INFO - JACKPOT! 3 prêmios de 15 pts encontrados na G61
2026-05-06 20:55:39 - INFO - JACKPOT! 3 prêmios de 15 pts encontrados na G62
2026-05-06 20:55:43 - INFO - JACKPOT! 3 prêmios de 15 pts encontrados na G63
2026-05-06 20:55:47 - INFO - JACKPOT! 2 prêmios de 15 pts encontrados na G64
2026-05-06 20:55:51 - INFO - JACKPOT! 4 prêmios de 15 pts encontrados na G65
2026-05-06 20:55:54 - INFO - JACKPOT! 2 prêmios de 15 pts encontrados na G66
2026-05-06 20:55:58 - INFO - JACKPOT! 3 prêmios de 15 pts encontrados na G67
2026-05-06 20:56:05 - INFO - JACKPOT! 2 prêmios de 15 pts encontrados na G69
2026-05-06 20:56:09 - INFO - JACKPOT! 2 prêmios de 15 pts encontrados na G70
2026-05-06 20:56:12 - INFO - JACKPOT! 3 prêmios de 15 pts encontrados na G71
2026-05-06 20:56:15 - INFO - JACKPOT! 6 prêmios de 15 pts encontrados na G72
2026-05-06 20:56:18 - INFO - JACKPOT! 1 prêmios de 15 pts encontrados na G73
2026-05-06 20:56:21 - INFO - JACKPOT! 2 prêmios de 15 pts encontrados na G74
2026-05-06 20:56:24 - INFO - JACKPOT! 2 prêmios de 15 pts encontrados na G75
2026-05-06 20:56:27 - INFO - JACKPOT! 3 prêmios de 15 pts encontrados na G76
2026-05-06 20:56:34 - INFO - JACKPOT! 2 prêmios de 15 pts encontrados na G78
2026-05-06 20:56:40 - INFO - JACKPOT! 2 prêmios de 15 pts encontrados na G80
2026-05-06 20:56:43 - INFO - JACKPOT! 2 prêmios de 15 pts encontrados na G81
2026-05-06 20:56:46 - INFO - JACKPOT! 1 prêmios de 15 pts encontrados na G82
2026-05-06 20:56:49 - INFO - JACKPOT! 1 prêmios de 15 pts encontrados na G83
2026-05-06 20:56:53 - INFO - JACKPOT! 5 prêmios de 15 pts encontrados na G84
2026-05-06 20:56:56 - INFO - JACKPOT! 3 prêmios de 15 pts encontrados na G85
2026-05-06 20:57:00 - INFO - JACKPOT! 1 prêmios de 15 pts encontrados na G86
2026-05-06 20:57:08 - INFO - JACKPOT! 5 prêmios de 15 pts encontrados na G88
2026-05-06 20:57:11 - INFO - JACKPOT! 3 prêmios de 15 pts encontrados na G89
2026-05-06 20:57:21 - INFO - JACKPOT! 1 prêmios de 15 pts encontrados na G92
2026-05-06 20:57:25 - INFO - JACKPOT! 3 prêmios de 15 pts encontrados na G93
2026-05-06 20:57:31 - INFO - JACKPOT! 3 prêmios de 15 pts encontrados na G95
2026-05-06 20:57:34 - INFO - JACKPOT! 4 prêmios de 15 pts encontrados na G96
2026-05-06 20:57:37 - INFO - JACKPOT! 4 prêmios de 15 pts encontrados na G97
2026-05-06 20:57:40 - INFO - JACKPOT! 4 prêmios de 15 pts encontrados na G98
2026-05-06 20:57:43 - INFO - JACKPOT! 4 prêmios de 15 pts encontrados na G99
2026-05-06 20:57:46 - INFO - JACKPOT! 6 prêmios de 15 pts encontrados na G100
2026-05-06 20:57:49 - INFO - JACKPOT! 1 prêmios de 15 pts encontrados na G101
2026-05-06 20:57:52 - INFO - JACKPOT! 3 prêmios de 15 pts encontrados na G102
2026-05-06 20:57:55 - INFO - JACKPOT! 1 prêmios de 15 pts encontrados na G103
2026-05-06 20:57:58 - INFO - JACKPOT! 2 prêmios de 15 pts encontrados na G104
2026-05-06 20:58:01 - INFO - JACKPOT! 3 prêmios de 15 pts encontrados na G105
2026-05-06 20:58:01 - INFO - Motor Híbrido Desligado.
2026-05-06 21:02:04 - INFO - Iniciando IA Preditiva: Cadeias de Markov
2026-05-06 21:02:04 - INFO - Iniciando IA Avançada: Ensemble Híbrido
2026-05-06 21:02:40 - INFO - Iniciando IA Preditiva: Cadeias de Markov
2026-05-06 21:02:55 - INFO - Iniciando IA Preditiva: Cadeias de Markov
2026-05-06 21:05:29 - INFO - Iniciando IA Preditiva: Cadeias de Markov
2026-05-06 21:05:29 - INFO - Iniciando IA Avançada: Ensemble Híbrido
2026-05-06 21:05:43 - INFO - Iniciando IA Preditiva: Cadeias de Markov
2026-05-06 21:05:43 - INFO - Iniciando IA Avançada: Ensemble Híbrido
2026-05-06 23:38:40 - INFO - Iniciando varredura de Machine Learning (Atrasômetro)
2026-05-06 23:39:00 - INFO - Iniciando varredura de Machine Learning (Atrasômetro)
2026-06-17 19:10:06 - INFO - Iniciando varredura de Machine Learning (Atrasômetro)
2026-06-17 19:10:11 - INFO - Iniciando varredura de Machine Learning (Atrasômetro)
2026-06-17 19:11:19 - INFO - Iniciando varredura de Machine Learning (Atrasômetro)
2026-06-17 19:14:01 - INFO - Iniciando varredura de Machine Learning (Atrasômetro)
2026-06-17 19:15:45 - INFO - Iniciando varredura de Machine Learning (Atrasômetro)
2026-06-17 19:22:25 - INFO - Iniciando varredura de Machine Learning (Atrasômetro)
2026-06-17 19:22:38 - INFO - Iniciando varredura de Machine Learning (Atrasômetro)
2026-06-17 19:24:18 - INFO - Iniciando varredura de Machine Learning (Atrasômetro)
2026-06-17 19:29:55 - INFO - Iniciando varredura de Machine Learning (Atrasômetro)
2026-06-17 19:33:30 - INFO - Iniciando varredura de Machine Learning (Atrasômetro)
